
> @openclaw/dashboard@0.6.0 start
> next start -H 127.0.0.1 -p 3100

▲ Next.js 16.1.6
- Local:         http://127.0.0.1:3100
- Network:       http://127.0.0.1:3100

✓ Starting...
✓ Ready in 240ms
[AutoTransport] Running openclaw via local CLI: exec is not exposed on POST /tools/invoke (OpenClaw denies it by default).

> @openclaw/dashboard@0.6.0 start
> next start -H 127.0.0.1 -p 3100

▲ Next.js 16.1.6
- Local:         http://127.0.0.1:3100
- Network:       http://127.0.0.1:3100

✓ Starting...
✓ Ready in 1853ms
[AutoTransport] Running openclaw via local CLI: exec is not exposed on POST /tools/invoke (OpenClaw denies it by default).
{"level":"info","ts":"2026-08-09T19:13:26.638Z","route":"/api/gateway","status":200,"durationMs":447,"meta":{"gateway":"online","coalesced":false}}
{"level":"info","ts":"2026-08-09T19:13:26.658Z","route":"/api/gateway","status":200,"durationMs":0,"meta":{"gateway":"online","cached":true}}
{"level":"info","ts":"2026-08-09T19:14:26.252Z","route":"/api/gateway","status":200,"durationMs":98,"meta":{"gateway":"online","coalesced":false}}
{"level":"info","ts":"2026-08-09T19:15:26.245Z","route":"/api/gateway","status":200,"durationMs":93,"meta":{"gateway":"online","coalesced":false}}
{"level":"info","ts":"2026-08-09T19:15:44.453Z","route":"/api/config","status":200,"durationMs":109,"meta":{"scope":"config"}}
{"level":"info","ts":"2026-08-09T19:16:26.222Z","route":"/api/gateway","status":200,"durationMs":74,"meta":{"gateway":"online","coalesced":false}}

> @openclaw/dashboard@0.6.0 start
> next start -H 127.0.0.1 -p 3100

▲ Next.js 16.1.6
- Local:         http://127.0.0.1:3100
- Network:       http://127.0.0.1:3100

✓ Starting...
✓ Ready in 241ms
[AutoTransport] Running openclaw via local CLI: exec is not exposed on POST /tools/invoke (OpenClaw denies it by default).
{"level":"info","ts":"2026-08-09T19:17:26.294Z","route":"/api/gateway","status":200,"durationMs":133,"meta":{"gateway":"online","coalesced":false}}
{"level":"info","ts":"2026-08-09T19:17:52.402Z","route":"/api/gateway","status":200,"durationMs":82,"meta":{"gateway":"online","coalesced":false}}
{"level":"info","ts":"2026-08-09T19:17:52.419Z","route":"/api/gateway","status":200,"durationMs":0,"meta":{"gateway":"online","cached":true}}
{"level":"info","ts":"2026-08-09T19:17:52.674Z","route":"/api/config","status":200,"durationMs":71,"meta":{"scope":"config"}}
{"level":"info","ts":"2026-08-09T19:18:01.266Z","route":"/api/gateway","status":200,"durationMs":130,"meta":{"gateway":"online","coalesced":false}}
{"level":"info","ts":"2026-08-09T19:18:01.270Z","route":"/api/gateway","status":200,"durationMs":0,"meta":{"gateway":"online","cached":true}}
{"level":"info","ts":"2026-08-09T19:18:01.474Z","route":"/api/config","status":200,"durationMs":55,"meta":{"scope":"config"}}
{"level":"info","ts":"2026-08-09T19:18:27.778Z","route":"/api/config","status":200,"durationMs":118,"meta":{"scope":"config"}}
{"level":"info","ts":"2026-08-09T19:18:36.988Z","route":"/api/config","status":200,"durationMs":92,"meta":{"scope":"config"}}
{"level":"info","ts":"2026-08-09T19:19:01.223Z","route":"/api/gateway","status":200,"durationMs":83,"meta":{"gateway":"online","coalesced":false}}
{"level":"info","ts":"2026-08-09T19:20:01.217Z","route":"/api/gateway","status":200,"durationMs":80,"meta":{"gateway":"online","coalesced":false}}
{"level":"info","ts":"2026-08-09T19:21:01.231Z","route":"/api/gateway","status":200,"durationMs":91,"meta":{"gateway":"online","coalesced":false}}
{"level":"info","ts":"2026-08-09T19:22:01.225Z","route":"/api/gateway","status":200,"durationMs":85,"meta":{"gateway":"online","coalesced":false}}
{"level":"info","ts":"2026-08-09T19:23:01.221Z","route":"/api/gateway","status":200,"durationMs":81,"meta":{"gateway":"online","coalesced":false}}
{"level":"info","ts":"2026-08-09T19:24:01.225Z","route":"/api/gateway","status":200,"durationMs":83,"meta":{"gateway":"online","coalesced":false}}
{"level":"info","ts":"2026-08-09T19:25:01.397Z","route":"/api/gateway","status":200,"durationMs":77,"meta":{"gateway":"online","coalesced":false}}
{"level":"info","ts":"2026-08-09T19:26:01.223Z","route":"/api/gateway","status":200,"durationMs":83,"meta":{"gateway":"online","coalesced":false}}
{"level":"info","ts":"2026-08-09T19:27:01.399Z","route":"/api/gateway","status":200,"durationMs":83,"meta":{"gateway":"online","coalesced":false}}
{"level":"info","ts":"2026-08-09T19:28:04.376Z","route":"/api/gateway","status":200,"durationMs":57,"meta":{"gateway":"online","coalesced":false}}
{"level":"info","ts":"2026-08-09T19:29:04.376Z","route":"/api/gateway","status":200,"durationMs":59,"meta":{"gateway":"online","coalesced":false}}
{"level":"info","ts":"2026-08-09T19:30:04.391Z","route":"/api/gateway","status":200,"durationMs":70,"meta":{"gateway":"online","coalesced":false}}
{"level":"info","ts":"2026-08-09T19:31:04.394Z","route":"/api/gateway","status":200,"durationMs":72,"meta":{"gateway":"online","coalesced":false}}
{"level":"info","ts":"2026-08-09T19:32:01.221Z","route":"/api/gateway","status":200,"durationMs":78,"meta":{"gateway":"online","coalesced":false}}
{"level":"info","ts":"2026-08-09T19:33:01.217Z","route":"/api/gateway","status":200,"durationMs":76,"meta":{"gateway":"online","coalesced":false}}
{"level":"info","ts":"2026-08-09T19:34:01.245Z","route":"/api/gateway","status":200,"durationMs":103,"meta":{"gateway":"online","coalesced":false}}
{"level":"info","ts":"2026-08-09T19:34:16.253Z","route":"/api/config","status":200,"durationMs":71,"meta":{"scope":"config"}}
{"level":"info","ts":"2026-08-09T19:35:01.219Z","route":"/api/gateway","status":200,"durationMs":78,"meta":{"gateway":"online","coalesced":false}}
{"level":"info","ts":"2026-08-09T19:36:01.230Z","route":"/api/gateway","status":200,"durationMs":88,"meta":{"gateway":"online","coalesced":false}}

> @openclaw/dashboard@0.6.0 start
> next start -H 127.0.0.1 -p 3100

▲ Next.js 16.1.6
- Local:         http://127.0.0.1:3100
- Network:       http://127.0.0.1:3100

✓ Starting...
✓ Ready in 315ms
{"level":"info","ts":"2026-08-09T19:37:01.318Z","route":"/api/gateway","status":200,"durationMs":127,"meta":{"gateway":"online","coalesced":false}}
[AutoTransport] Running openclaw via local CLI: exec is not exposed on POST /tools/invoke (OpenClaw denies it by default).

> @openclaw/dashboard@0.6.0 start
> next start -H 127.0.0.1 -p 3100

▲ Next.js 16.1.6
- Local:         http://127.0.0.1:3100
- Network:       http://127.0.0.1:3100

✓ Starting...
✓ Ready in 733ms
[AutoTransport] Running openclaw via local CLI: exec is not exposed on POST /tools/invoke (OpenClaw denies it by default).
{"level":"info","ts":"2026-08-09T19:38:01.240Z","route":"/api/gateway","status":200,"durationMs":96,"meta":{"gateway":"online","coalesced":false}}
{"level":"info","ts":"2026-08-09T19:39:01.203Z","route":"/api/gateway","status":200,"durationMs":61,"meta":{"gateway":"online","coalesced":false}}
{"level":"info","ts":"2026-08-09T19:40:01.234Z","route":"/api/gateway","status":200,"durationMs":91,"meta":{"gateway":"online","coalesced":false}}
{"level":"info","ts":"2026-08-09T19:41:01.232Z","route":"/api/gateway","status":200,"durationMs":87,"meta":{"gateway":"online","coalesced":false}}
{"level":"info","ts":"2026-08-09T19:41:07.012Z","route":"/api/gateway","status":200,"durationMs":99,"meta":{"gateway":"online","coalesced":false}}
{"level":"info","ts":"2026-08-09T19:41:07.044Z","route":"/api/gateway","status":200,"durationMs":0,"meta":{"gateway":"online","cached":true}}
{"level":"info","ts":"2026-08-09T19:41:12.790Z","route":"/api/config","status":200,"durationMs":97,"meta":{"scope":"config"}}
{"level":"info","ts":"2026-08-09T19:42:06.990Z","route":"/api/gateway","status":200,"durationMs":74,"meta":{"gateway":"online","coalesced":false}}
{"level":"info","ts":"2026-08-09T19:43:06.984Z","route":"/api/gateway","status":200,"durationMs":70,"meta":{"gateway":"online","coalesced":false}}
{"level":"info","ts":"2026-08-09T19:44:07.404Z","route":"/api/gateway","status":200,"durationMs":81,"meta":{"gateway":"online","coalesced":false}}
{"level":"info","ts":"2026-08-09T19:45:06.984Z","route":"/api/gateway","status":200,"durationMs":67,"meta":{"gateway":"online","coalesced":false}}
{"level":"info","ts":"2026-08-09T19:46:07.383Z","route":"/api/gateway","status":200,"durationMs":59,"meta":{"gateway":"online","coalesced":false}}
{"level":"info","ts":"2026-08-09T19:47:06.942Z","route":"/api/gateway","status":200,"durationMs":50,"meta":{"gateway":"online","coalesced":false}}
{"level":"info","ts":"2026-08-09T19:48:06.977Z","route":"/api/gateway","status":200,"durationMs":75,"meta":{"gateway":"online","coalesced":false}}
{"level":"info","ts":"2026-08-09T19:48:07.646Z","route":"/api/gateway","status":200,"durationMs":0,"meta":{"gateway":"online","cached":true}}
{"level":"info","ts":"2026-08-09T19:48:07.703Z","route":"/api/gateway","status":200,"durationMs":0,"meta":{"gateway":"online","cached":true}}
{"level":"info","ts":"2026-08-09T19:49:06.208Z","route":"/api/gateway","status":200,"durationMs":106,"meta":{"gateway":"online","coalesced":false}}
{"level":"info","ts":"2026-08-09T19:49:06.221Z","route":"/api/gateway","status":200,"durationMs":0,"meta":{"gateway":"online","cached":true}}
{"level":"info","ts":"2026-08-09T19:49:06.893Z","route":"/api/gateway","status":200,"durationMs":0,"meta":{"gateway":"online","cached":true}}
{"level":"info","ts":"2026-08-09T19:49:07.652Z","route":"/api/gateway","status":200,"durationMs":0,"meta":{"gateway":"online","cached":true}}
{"level":"info","ts":"2026-08-09T19:49:10.026Z","route":"/api/gateway","status":200,"durationMs":60,"meta":{"gateway":"online","coalesced":false}}
{"level":"info","ts":"2026-08-09T19:49:10.162Z","route":"/api/gateway","status":200,"durationMs":0,"meta":{"gateway":"online","cached":true}}
{"level":"info","ts":"2026-08-09T19:49:13.834Z","route":"/api/gateway","status":200,"durationMs":92,"meta":{"gateway":"online","coalesced":false}}
{"level":"info","ts":"2026-08-09T19:49:13.856Z","route":"/api/gateway","status":200,"durationMs":0,"meta":{"gateway":"online","cached":true}}
{"level":"info","ts":"2026-08-09T19:49:17.863Z","route":"/api/gateway","status":200,"durationMs":60,"meta":{"gateway":"online","coalesced":false}}
{"level":"info","ts":"2026-08-09T19:49:17.872Z","route":"/api/gateway","status":200,"durationMs":0,"meta":{"gateway":"online","cached":true}}
{"level":"info","ts":"2026-08-09T19:49:45.570Z","route":"/api/gateway","status":200,"durationMs":87,"meta":{"gateway":"online","coalesced":false}}
{"level":"info","ts":"2026-08-09T19:49:45.580Z","route":"/api/gateway","status":200,"durationMs":0,"meta":{"gateway":"online","cached":true}}
{"level":"info","ts":"2026-08-09T19:49:46.778Z","route":"/api/gateway","status":200,"durationMs":0,"meta":{"gateway":"online","cached":true}}
{"level":"info","ts":"2026-08-09T19:49:46.804Z","route":"/api/gateway","status":200,"durationMs":0,"meta":{"gateway":"online","cached":true}}
{"level":"info","ts":"2026-08-09T19:49:48.984Z","route":"/api/gateway","status":200,"durationMs":52,"meta":{"gateway":"online","coalesced":false}}
{"level":"info","ts":"2026-08-09T19:49:48.987Z","route":"/api/gateway","status":200,"durationMs":0,"meta":{"gateway":"online","cached":true}}
{"level":"info","ts":"2026-08-09T19:49:52.596Z","route":"/api/gateway","status":200,"durationMs":109,"meta":{"gateway":"online","coalesced":false}}
{"level":"info","ts":"2026-08-09T19:49:52.604Z","route":"/api/gateway","status":200,"durationMs":0,"meta":{"gateway":"online","cached":true}}
{"level":"info","ts":"2026-08-09T19:49:56.133Z","route":"/api/gateway","status":200,"durationMs":46,"meta":{"gateway":"online","coalesced":false}}
{"level":"info","ts":"2026-08-09T19:49:56.139Z","route":"/api/gateway","status":200,"durationMs":0,"meta":{"gateway":"online","cached":true}}
{"level":"info","ts":"2026-08-09T19:50:06.947Z","route":"/api/gateway","status":200,"durationMs":54,"meta":{"gateway":"online","coalesced":false}}
{"level":"info","ts":"2026-08-09T19:50:46.924Z","route":"/api/gateway","status":200,"durationMs":136,"meta":{"gateway":"online","coalesced":false}}
{"level":"info","ts":"2026-08-09T19:51:06.944Z","route":"/api/gateway","status":200,"durationMs":51,"meta":{"gateway":"online","coalesced":false}}
{"level":"info","ts":"2026-08-09T19:51:18.853Z","route":"/api/config","status":200,"durationMs":43,"meta":{"scope":"config"}}
{"level":"info","ts":"2026-08-09T19:51:46.854Z","route":"/api/gateway","status":200,"durationMs":69,"meta":{"gateway":"online","coalesced":false}}
{"level":"info","ts":"2026-08-09T19:52:06.962Z","route":"/api/gateway","status":200,"durationMs":64,"meta":{"gateway":"online","coalesced":false}}
{"level":"info","ts":"2026-08-09T19:52:46.922Z","route":"/api/gateway","status":200,"durationMs":85,"meta":{"gateway":"online","coalesced":false}}
{"level":"info","ts":"2026-08-09T19:53:06.954Z","route":"/api/gateway","status":200,"durationMs":58,"meta":{"gateway":"online","coalesced":false}}
{"level":"info","ts":"2026-08-09T19:53:46.848Z","route":"/api/gateway","status":200,"durationMs":63,"meta":{"gateway":"online","coalesced":false}}
{"level":"info","ts":"2026-08-09T19:53:56.968Z","route":"/api/gateway","status":200,"durationMs":90,"meta":{"gateway":"online","coalesced":false}}
{"level":"info","ts":"2026-08-09T19:53:56.978Z","route":"/api/gateway","status":200,"durationMs":0,"meta":{"gateway":"online","cached":true}}
{"level":"info","ts":"2026-08-09T19:54:06.980Z","route":"/api/gateway","status":200,"durationMs":79,"meta":{"gateway":"online","coalesced":false}}
{"level":"info","ts":"2026-08-09T19:55:06.980Z","route":"/api/gateway","status":200,"durationMs":78,"meta":{"gateway":"online","coalesced":false}}
{"level":"info","ts":"2026-08-09T19:56:06.977Z","route":"/api/gateway","status":200,"durationMs":77,"meta":{"gateway":"online","coalesced":false}}
{"level":"info","ts":"2026-08-09T19:56:25.309Z","route":"/api/config","status":200,"durationMs":95,"meta":{"scope":"config"}}
{"level":"info","ts":"2026-08-09T19:57:06.986Z","route":"/api/gateway","status":200,"durationMs":79,"meta":{"gateway":"online","coalesced":false}}
{"level":"info","ts":"2026-08-09T19:58:06.984Z","route":"/api/gateway","status":200,"durationMs":81,"meta":{"gateway":"online","coalesced":false}}
{"level":"info","ts":"2026-08-09T19:59:06.984Z","route":"/api/gateway","status":200,"durationMs":84,"meta":{"gateway":"online","coalesced":false}}
{"level":"info","ts":"2026-08-09T20:00:06.986Z","route":"/api/gateway","status":200,"durationMs":86,"meta":{"gateway":"online","coalesced":false}}
{"level":"info","ts":"2026-08-09T20:00:45.228Z","route":"/api/config","status":200,"durationMs":95,"meta":{"scope":"config"}}
{"level":"info","ts":"2026-08-09T20:01:06.993Z","route":"/api/gateway","status":200,"durationMs":90,"meta":{"gateway":"online","coalesced":false}}
{"level":"info","ts":"2026-08-09T20:02:06.991Z","route":"/api/gateway","status":200,"durationMs":89,"meta":{"gateway":"online","coalesced":false}}
{"level":"info","ts":"2026-08-09T20:02:14.021Z","route":"/api/gateway","status":200,"durationMs":48,"meta":{"gateway":"online","coalesced":false}}
{"level":"info","ts":"2026-08-09T20:02:14.052Z","route":"/api/gateway","status":200,"durationMs":0,"meta":{"gateway":"online","cached":true}}
{"level":"info","ts":"2026-08-09T20:02:19.406Z","route":"/api/gateway","status":200,"durationMs":54,"meta":{"gateway":"online","coalesced":false}}
{"level":"info","ts":"2026-08-09T20:02:19.421Z","route":"/api/gateway","status":200,"durationMs":0,"meta":{"gateway":"online","cached":true}}
{"level":"info","ts":"2026-08-09T20:03:06.988Z","route":"/api/gateway","status":200,"durationMs":86,"meta":{"gateway":"online","coalesced":false}}
{"level":"info","ts":"2026-08-09T20:03:13.977Z","route":"/api/gateway","status":200,"durationMs":69,"meta":{"gateway":"online","coalesced":false}}
{"level":"info","ts":"2026-08-09T20:03:29.883Z","route":"/api/gateway","status":200,"durationMs":81,"meta":{"gateway":"online","coalesced":false}}
{"level":"info","ts":"2026-08-09T20:03:29.896Z","route":"/api/gateway","status":200,"durationMs":0,"meta":{"gateway":"online","cached":true}}
{"level":"info","ts":"2026-08-09T20:04:07.418Z","route":"/api/gateway","status":200,"durationMs":90,"meta":{"gateway":"online","coalesced":false}}
{"level":"info","ts":"2026-08-09T20:04:13.971Z","route":"/api/gateway","status":200,"durationMs":62,"meta":{"gateway":"online","coalesced":false}}
{"level":"info","ts":"2026-08-09T20:04:43.598Z","route":"/api/gateway","status":200,"durationMs":94,"meta":{"gateway":"online","coalesced":false}}
{"level":"info","ts":"2026-08-09T20:04:43.613Z","route":"/api/gateway","status":200,"durationMs":0,"meta":{"gateway":"online","cached":true}}
{"level":"info","ts":"2026-08-09T20:04:49.845Z","route":"/api/gateway","status":200,"durationMs":88,"meta":{"gateway":"online","coalesced":false}}
{"level":"info","ts":"2026-08-09T20:04:49.854Z","route":"/api/gateway","status":200,"durationMs":0,"meta":{"gateway":"online","cached":true}}
{"level":"info","ts":"2026-08-09T20:04:57.709Z","route":"/api/gateway","status":200,"durationMs":134,"meta":{"gateway":"online","coalesced":false}}
{"level":"info","ts":"2026-08-09T20:04:57.719Z","route":"/api/gateway","status":200,"durationMs":0,"meta":{"gateway":"online","cached":true}}
{"level":"info","ts":"2026-08-09T20:05:42.390Z","route":"/api/gateway","status":200,"durationMs":46,"meta":{"gateway":"online","coalesced":false}}
{"level":"info","ts":"2026-08-09T20:05:42.401Z","route":"/api/gateway","status":200,"durationMs":0,"meta":{"gateway":"online","cached":true}}
{"level":"info","ts":"2026-08-09T20:05:49.818Z","route":"/api/gateway","status":200,"durationMs":58,"meta":{"gateway":"online","coalesced":false}}
{"level":"info","ts":"2026-08-09T20:06:42.314Z","route":"/api/gateway","status":200,"durationMs":60,"meta":{"gateway":"online","coalesced":false}}
{"level":"info","ts":"2026-08-09T20:06:49.808Z","route":"/api/gateway","status":200,"durationMs":51,"meta":{"gateway":"online","coalesced":false}}
{"level":"info","ts":"2026-08-09T20:06:54.307Z","route":"/api/gateway","status":200,"durationMs":88,"meta":{"gateway":"online","coalesced":false}}
{"level":"info","ts":"2026-08-09T20:06:54.316Z","route":"/api/gateway","status":200,"durationMs":0,"meta":{"gateway":"online","cached":true}}
{"level":"info","ts":"2026-08-09T20:07:42.334Z","route":"/api/gateway","status":200,"durationMs":71,"meta":{"gateway":"online","coalesced":false}}
{"level":"info","ts":"2026-08-09T20:07:54.296Z","route":"/api/gateway","status":200,"durationMs":60,"meta":{"gateway":"online","coalesced":false}}
{"level":"info","ts":"2026-08-09T20:08:42.336Z","route":"/api/gateway","status":200,"durationMs":66,"meta":{"gateway":"online","coalesced":false}}
{"level":"info","ts":"2026-08-09T20:08:53.060Z","route":"/api/gateway","status":200,"durationMs":104,"meta":{"gateway":"online","coalesced":false}}
{"level":"info","ts":"2026-08-09T20:08:53.068Z","route":"/api/gateway","status":200,"durationMs":0,"meta":{"gateway":"online","cached":true}}
{"level":"info","ts":"2026-08-09T20:09:10.033Z","route":"/api/gateway","status":200,"durationMs":122,"meta":{"gateway":"online","coalesced":false}}
{"level":"info","ts":"2026-08-09T20:09:10.059Z","route":"/api/gateway","status":200,"durationMs":0,"meta":{"gateway":"online","cached":true}}
{"level":"info","ts":"2026-08-09T20:09:23.794Z","route":"/api/gateway","status":200,"durationMs":94,"meta":{"gateway":"online","coalesced":false}}
{"level":"info","ts":"2026-08-09T20:09:23.803Z","route":"/api/gateway","status":200,"durationMs":0,"meta":{"gateway":"online","cached":true}}
{"level":"info","ts":"2026-08-09T20:09:24.650Z","route":"/api/gateway","status":200,"durationMs":0,"meta":{"gateway":"online","cached":true}}
{"level":"info","ts":"2026-08-09T20:09:24.667Z","route":"/api/gateway","status":200,"durationMs":0,"meta":{"gateway":"online","cached":true}}
{"level":"info","ts":"2026-08-09T20:09:42.012Z","route":"/api/gateway","status":200,"durationMs":104,"meta":{"gateway":"online","coalesced":false}}
{"level":"info","ts":"2026-08-09T20:09:42.021Z","route":"/api/gateway","status":200,"durationMs":0,"meta":{"gateway":"online","cached":true}}
{"level":"info","ts":"2026-08-09T20:10:09.803Z","route":"/api/gateway","status":200,"durationMs":53,"meta":{"gateway":"online","coalesced":false}}
{"level":"info","ts":"2026-08-09T20:11:10.416Z","route":"/api/gateway","status":200,"durationMs":88,"meta":{"gateway":"online","coalesced":false}}
{"level":"info","ts":"2026-08-09T20:12:09.808Z","route":"/api/gateway","status":200,"durationMs":61,"meta":{"gateway":"online","coalesced":false}}

> @openclaw/dashboard@0.6.0 start
> next start -H 127.0.0.1 -p 3100

▲ Next.js 16.1.6
- Local:         http://127.0.0.1:3100
- Network:       http://127.0.0.1:3100

✓ Starting...

> @openclaw/dashboard@0.6.0 start
> next start -H 127.0.0.1 -p 3100

▲ Next.js 16.1.6
- Local:         http://127.0.0.1:3100
- Network:       http://127.0.0.1:3100

✓ Starting...

> @openclaw/dashboard@0.6.0 start
> next start -H 127.0.0.1 -p 3100

▲ Next.js 16.1.6
- Local:         http://127.0.0.1:3100
- Network:       http://127.0.0.1:3100

✓ Starting...

> @openclaw/dashboard@0.6.0 start
> next start -H 127.0.0.1 -p 3100

▲ Next.js 16.1.6
- Local:         http://127.0.0.1:3100
- Network:       http://127.0.0.1:3100

✓ Starting...

> @openclaw/dashboard@0.6.0 start
> next start -H 127.0.0.1 -p 3100

▲ Next.js 16.1.6
- Local:         http://127.0.0.1:3100
- Network:       http://127.0.0.1:3100

✓ Starting...

> @openclaw/dashboard@0.6.0 start
> next start -H 127.0.0.1 -p 3100

▲ Next.js 16.1.6
- Local:         http://127.0.0.1:3100
- Network:       http://127.0.0.1:3100

✓ Starting...

> @openclaw/dashboard@0.6.0 start
> next start -H 127.0.0.1 -p 3100

▲ Next.js 16.1.6
- Local:         http://127.0.0.1:3100
- Network:       http://127.0.0.1:3100

✓ Starting...

> @openclaw/dashboard@0.6.0 start
> next start -H 127.0.0.1 -p 3100

▲ Next.js 16.1.6
- Local:         http://127.0.0.1:3100
- Network:       http://127.0.0.1:3100

✓ Starting...

> @openclaw/dashboard@0.6.0 start
> next start -H 127.0.0.1 -p 3100

▲ Next.js 16.1.6
- Local:         http://127.0.0.1:3100
- Network:       http://127.0.0.1:3100

✓ Starting...

> @openclaw/dashboard@0.6.0 start
> next start -H 127.0.0.1 -p 3100


> @openclaw/dashboard@0.6.0 start
> next start -H 127.0.0.1 -p 3100


> @openclaw/dashboard@0.6.0 start
> next start -H 127.0.0.1 -p 3100


> @openclaw/dashboard@0.6.0 start
> next start -H 127.0.0.1 -p 3100


> @openclaw/dashboard@0.6.0 start
> next start -H 127.0.0.1 -p 3100


> @openclaw/dashboard@0.6.0 start
> next start -H 127.0.0.1 -p 3100


> @openclaw/dashboard@0.6.0 start
> next start -H 127.0.0.1 -p 3100


> @openclaw/dashboard@0.6.0 start
> next start -H 127.0.0.1 -p 3100


> @openclaw/dashboard@0.6.0 start
> next start -H 127.0.0.1 -p 3100


> @openclaw/dashboard@0.6.0 start
> next start -H 127.0.0.1 -p 3100


> @openclaw/dashboard@0.6.0 start
> next start -H 127.0.0.1 -p 3100


> @openclaw/dashboard@0.6.0 start
> next start -H 127.0.0.1 -p 3100


> @openclaw/dashboard@0.6.0 start
> next start -H 127.0.0.1 -p 3100


> @openclaw/dashboard@0.6.0 start
> next start -H 127.0.0.1 -p 3100


> @openclaw/dashboard@0.6.0 start
> next start -H 127.0.0.1 -p 3100


> @openclaw/dashboard@0.6.0 start
> next start -H 127.0.0.1 -p 3100


> @openclaw/dashboard@0.6.0 start
> next start -H 127.0.0.1 -p 3100


> @openclaw/dashboard@0.6.0 start
> next start -H 127.0.0.1 -p 3100


> @openclaw/dashboard@0.6.0 start
> next start -H 127.0.0.1 -p 3100


> @openclaw/dashboard@0.6.0 start
> next start -H 127.0.0.1 -p 3100


> @openclaw/dashboard@0.6.0 start
> next start -H 127.0.0.1 -p 3100


> @openclaw/dashboard@0.6.0 start
> next start -H 127.0.0.1 -p 3100


> @openclaw/dashboard@0.6.0 start
> next start -H 127.0.0.1 -p 3100


> @openclaw/dashboard@0.6.0 start
> next start -H 127.0.0.1 -p 3100


> @openclaw/dashboard@0.6.0 start
> next start -H 127.0.0.1 -p 3100


> @openclaw/dashboard@0.7.0 start
> next start -H 127.0.0.1 -p 3100

▲ Next.js 16.1.6
- Local:         http://127.0.0.1:3100
- Network:       http://127.0.0.1:3100

✓ Starting...
✓ Ready in 216ms
[AutoTransport] Running openclaw via local CLI: exec is not exposed on POST /tools/invoke (OpenClaw denies it by default).
{"level":"info","ts":"2026-08-09T21:59:45.954Z","route":"/api/gateway","status":200,"durationMs":194,"meta":{"gateway":"online","coalesced":false}}
{"level":"info","ts":"2026-08-09T21:59:45.968Z","route":"/api/gateway","status":200,"durationMs":0,"meta":{"gateway":"online","cached":true}}
{"level":"info","ts":"2026-08-09T21:59:55.949Z","route":"/api/chat/stream","status":400,"durationMs":11,"meta":{"agentId":"main","error":"gateway_error"}}
{"level":"info","ts":"2026-08-09T22:00:07.995Z","route":"/api/chat/stream","status":400,"durationMs":5,"meta":{"agentId":"main","error":"gateway_error"}}
{"level":"info","ts":"2026-08-09T22:00:45.820Z","route":"/api/gateway","status":200,"durationMs":59,"meta":{"gateway":"online","coalesced":false}}
{"level":"info","ts":"2026-08-09T22:01:45.821Z","route":"/api/gateway","status":200,"durationMs":61,"meta":{"gateway":"online","coalesced":false}}
{"level":"info","ts":"2026-08-09T22:02:45.820Z","route":"/api/gateway","status":200,"durationMs":56,"meta":{"gateway":"online","coalesced":false}}
{"level":"info","ts":"2026-08-09T22:03:45.818Z","route":"/api/gateway","status":200,"durationMs":61,"meta":{"gateway":"online","coalesced":false}}
{"level":"info","ts":"2026-08-09T22:04:45.831Z","route":"/api/gateway","status":200,"durationMs":72,"meta":{"gateway":"online","coalesced":false}}
{"level":"info","ts":"2026-08-09T22:05:45.832Z","route":"/api/gateway","status":200,"durationMs":72,"meta":{"gateway":"online","coalesced":false}}

> @openclaw/dashboard@0.7.0 start
> next start -H 127.0.0.1 -p 3100

▲ Next.js 16.1.6
- Local:         http://127.0.0.1:3100
- Network:       http://127.0.0.1:3100

✓ Starting...
✓ Ready in 215ms
[AutoTransport] Running openclaw via local CLI: exec is not exposed on POST /tools/invoke (OpenClaw denies it by default).
{"level":"info","ts":"2026-08-09T22:06:39.607Z","route":"/api/chat/stream","status":400,"durationMs":80,"meta":{"agentId":"main","error":"gateway_error"}}
{"level":"info","ts":"2026-08-09T22:06:45.819Z","route":"/api/gateway","status":200,"durationMs":48,"meta":{"gateway":"online","coalesced":false}}
{"level":"info","ts":"2026-08-09T22:06:52.300Z","route":"/api/chat/stream","status":400,"durationMs":7,"meta":{"agentId":"main","error":"gateway_error"}}
{"level":"info","ts":"2026-08-09T22:07:45.822Z","route":"/api/gateway","status":200,"durationMs":62,"meta":{"gateway":"online","coalesced":false}}

> @openclaw/dashboard@0.7.0 start
> next start -H 127.0.0.1 -p 3100

▲ Next.js 16.1.6
- Local:         http://127.0.0.1:3100
- Network:       http://127.0.0.1:3100

✓ Starting...
✓ Ready in 212ms
[AutoTransport] Running openclaw via local CLI: exec is not exposed on POST /tools/invoke (OpenClaw denies it by default).
{"level":"info","ts":"2026-08-09T22:08:43.905Z","route":"/api/chat/stream","status":400,"durationMs":75,"meta":{"agentId":"main","error":"gateway_error"}}
{"level":"info","ts":"2026-08-09T22:08:45.836Z","route":"/api/gateway","status":200,"durationMs":64,"meta":{"gateway":"online","coalesced":false}}
{"level":"info","ts":"2026-08-09T22:09:12.386Z","route":"/api/chat/stream","status":200,"durationMs":6,"meta":{"agentId":"main","model":"openclaw:main"}}
{"level":"info","ts":"2026-08-09T22:09:45.819Z","route":"/api/gateway","status":200,"durationMs":53,"meta":{"gateway":"online","coalesced":false}}
{"level":"info","ts":"2026-08-09T22:10:45.825Z","route":"/api/gateway","status":200,"durationMs":59,"meta":{"gateway":"online","coalesced":false}}
{"level":"info","ts":"2026-08-09T22:11:45.807Z","route":"/api/gateway","status":200,"durationMs":52,"meta":{"gateway":"online","coalesced":false}}

> @openclaw/dashboard@0.7.0 dev
> next dev -H 127.0.0.1 -p 3000 --webpack -H 127.0.0.1 -p 3333

▲ Next.js 16.1.6 (webpack)
- Local:         http://127.0.0.1:3333
- Network:       http://127.0.0.1:3333

✓ Starting...
✓ Ready in 2.3s
○ Compiling / ...
 GET / 200 in 30ms (compile: 1984µs, proxy.ts: 5ms, render: 22ms)
[?25h
